Test Results - 2025-10-28 17:43:22
Passed: [14, 15, 18, 19, 20, 21, 22, 24, 25, 51, 52, 53, 54, 55, 66, 69, 70, 91, 92, 93, 94, 92]
Failed: [1]
Skipped: []
